
> my-project@0.1.0 build
> next build

Γû▓ Next.js 16.1.6 (Turbopack)

  Creating an optimized production build ...
node.exe : Found 1 warning 
while optimizing generated 
CSS:
At line:1 char:1
+ & "D:\Program 
Files\nodejs/node.exe" 
"D:\Program 
Files\nodejs/node_mo ...
+ ~~~~~~~~~~~~~~~~~~~~~~~~~
~~~~~~~~~~~~~~~~~~~~~~~~~~~
~~~~~~~~~~~~~~~~~
    + CategoryInfo         
     : NotSpecified: (Fou  
  nd 1 warning... genera   
 ted CSS::String) [], R    
emoteException
    + FullyQualifiedErrorI 
   d : NativeCommandError
 

[2mΓöé   }[22m
[2mΓöé   .\[\&\>\1a 
∩┐╜∩┐╜\4 
\]\:translate-y-\[2px\] 
{[22m
[2mΓöé[22m     &> ∩┐╜ {
[2mΓöå[22m       
[33m[2m^--[22m Invalid 
dangling combinator in 
selector[39m
[2mΓöå[22m
[2mΓöé       
--tw-translate-y: 2px;[22m
[2mΓöé       translate: 
var(--tw-translate-x) 
var(--tw-translate-y);[22m

Γ£ô Compiled successfully in 10.3s
  Skipping validation of types
  Collecting page data using 7 workers ...
  Generating static pages using 7 workers (0/8) ...
  Generating static pages using 7 workers (2/8) 
  Generating static pages using 7 workers (4/8) 
  Generating static pages using 7 workers (6/8) 
Γ£ô Generating static pages using 7 workers (8/8) in 717.1ms
  Finalizing page optimization ...

Route (app)
Γöî Γùï /
Γö£ Γùï /_not-found
Γö£ Γùï /admin
Γö£ Γùï /contact
Γö£ Γùï /menu
Γö£ Γùï /order
Γöö Γùï /track


Γùï  (Static)  prerendered as static content

